***** Section <default> *****
Stats: size=9  blocks=9  symbols=2  literals=0  relocations=0
Blocks
    name        start   size  #ins #dir #sto
    <default>   00000  00009     3    1    0
Symbols
    name        hex       dec  scope     kind      type      description
    halt     000003         3  local     relative  code      label
    test     000000         0  exported  relative  code      label
Literals
    label   definition
Relocations
    address length flag symbol
